                      :-) GROMACS - gmx mdrun, 2026.1 (-:

Copyright 1991-2026 The GROMACS Authors.
GROMACS is free software; you can redistribute it and/or modify it
under the terms of the GNU Lesser General Public License
as published by the Free Software Foundation; either version 2.1
of the License, or (at your option) any later version.

                         Current GROMACS contributors:
       Mark Abraham           Andrey Alekseenko           Brian Andrews       
        Paul Bauer              Cathrine Bergh              Hugh Bird         
      Eliane Briand               Ania Brown                Yiqi Chen         
      Mahesh Doijade            Giacomo Fiorin          Stefan Fleischmann    
      Sergey Gorelov         Gilles Gouaillardet            Alan Gray         
   Farzaneh Jalalypour         Petter Johansson          Carsten Kutzner      
    Grzegorz Łazarski         Justin A. Lemkul          Magnus Lundborg      
        Julio Maia               Pascal Merz             Vedran Miletić      
      Dmitry Morozov           Lukas Müllender           Szilárd Páll      
 Andrea Pasquadibisceglie     Michele Pellegrino         Nicola Piasentin     
     Daniele Rapetti         Muhammad Umair Sadiq         Hubert Santuz       
      Michael Shirts           Tatiana Shugaeva          Alexey Shvetsov      
     Bálint Soproni            Philip Turner            Alessandra Villa     
        Yang Zhang        

                         Previous GROMACS contributors:
        Emile Apol             Rossen Apostolov           James Barnett       
      Vladimir Basov        Herman J.C. Berendsen          Par Bjelkmar       
      Christian Blau          Viacheslav Bolnykh            Kevin Boyd        
    Aldert van Buuren          Carlo Camilloni           Rudi van Drunen      
      Anton Feenstra           Oliver Fleetwood            Vytas Gapsys       
       Gaurav Garg             Gerrit Groenhof            Bert de Groot       
      Anca Hamuraru           Vincent Hindriksen          Victor Holanda      
     M. Eric Irrgang           Aleksei Iupinov              Joe Jordan        
    Christoph Junghans        Prashanth Kanduri        Dimitrios Karkoulis    
       Peter Kasson             Sebastian Kehl           Sebastian Keller     
        Jiri Kraus               Per Larsson              Viveca Lindahl      
      Erik Marklund           Pieter Meulenhoff           Teemu Murtola       
       Julien Nabet              Sander Pronk             Roland Schulz       
      Alfons Sijbers         David van der Spoel          Peter Tieleman      
      Carsten Uphoff             Jon Vincent             Teemu Virolainen     
    Christian Wennberg     Sebastian Wingbermühle         Maarten Wolf       
      Artem Zhmurov       

                  Coordinated by the GROMACS project leaders:
                           Berk Hess and Erik Lindahl

GROMACS:      gmx mdrun, version 2026.1
Executable:   /usr/local/gromacs/bin/gmx
Data prefix:  /usr/local/gromacs
Working dir:  /Users/miriamzara/Biological_Datasets/Versuch13
Process ID:   2045
Command line:
  gmx mdrun -v -deffnm dspc-pr

GROMACS version:     2026.1
Precision:           mixed
Memory model:        64 bit
MPI library:         thread_mpi
MPI version:         built in
OpenMP support:      enabled (GMX_OPENMP_MAX_THREADS = 128)
GPU support:         disabled
SIMD instructions:   ARM_NEON_ASIMD
CPU FFT library:     fftw-3.3.10
GPU FFT library:     none
Multi-GPU FFT:       none
TNG support:         enabled
Hwloc support:       disabled
Tracing support:     disabled
Colvars support:     enabled (version 2025-10-13)
CP2K support:        disabled
Torch support:       disabled
Plumed support:      enabled
C compiler:          /usr/bin/cc AppleClang 14.0.3.14030022
C compiler flags:    -Wno-missing-field-initializers -fno-stack-check -O3 -DNDEBUG
C++ compiler:        /usr/bin/c++ AppleClang 14.0.3.14030022
C++ compiler flags:  -Wno-reserved-identifier -Wno-missing-field-initializers -fno-stack-check -Weverything -Wno-c++98-compat -Wno-c++98-compat-pedantic -Wno-source-uses-openmp -Wno-c++17-extensions -Wno-documentation-unknown-command -Wno-covered-switch-default -Wno-switch-enum -Wno-switch-default -Wno-extra-semi-stmt -Wno-weak-vtables -Wno-shadow -Wno-padded -Wno-reserved-id-macro -Wno-double-promotion -Wno-exit-time-destructors -Wno-global-constructors -Wno-documentation -Wno-format-nonliteral -Wno-used-but-marked-unused -Wno-float-equal -Wno-conditional-uninitialized -Wno-conversion -Wno-disabled-macro-expansion -Wno-unused-macros -Wno-unsafe-buffer-usage SHELL:-Xpreprocessor -fopenmp -I/opt/homebrew/opt/libomp/include -O3 -DNDEBUG
BLAS library:        External - detected on the system
LAPACK library:      External - detected on the system


Running on 1 node with total 0 processing units
Hardware detected on host MacBook-Pro-di-Miriam.local:
  CPU info:
    Vendor: ARM
    Brand:  Unknown CPU brand
    Family: 0   Model: 0   Stepping: 0
    Features: neon neon_asimd
  Hardware topology: Only logical processor count
    CPU limit set by OS: -1   Recommended max number of threads: 8


++++ PLEASE READ AND CITE THE FOLLOWING REFERENCE ++++
M. J. Abraham, T. Murtola, R. Schulz, S. Páll, J. C. Smith, B. Hess, E.
Lindahl
GROMACS: High performance molecular simulations through multi-level
parallelism from laptops to supercomputers
SoftwareX (2015)
https://doi.org/10.1016/j.softx.2015.06.001
-------- -------- --- Thank You --- -------- --------


++++ PLEASE READ AND CITE THE FOLLOWING REFERENCE ++++
S. Páll, M. J. Abraham, C. Kutzner, B. Hess, E. Lindahl
Tackling Exascale Software Challenges in Molecular Dynamics Simulations with
GROMACS
In S. Markidis & E. Laure (Eds.), Solving Software Challenges for Exascale (2015)
https://doi.org/10.1007/978-3-319-15976-8_1
-------- -------- --- Thank You --- -------- --------


++++ PLEASE READ AND CITE THE FOLLOWING REFERENCE ++++
S. Pronk, S. Páll, R. Schulz, P. Larsson, P. Bjelkmar, R. Apostolov, M. R.
Shirts, J. C. Smith, P. M. Kasson, D. van der Spoel, B. Hess, E. Lindahl
GROMACS 4.5: a high-throughput and highly parallel open source molecular
simulation toolkit
Bioinformatics (2013)
https://doi.org/10.1093/bioinformatics/btt055
-------- -------- --- Thank You --- -------- --------


++++ PLEASE READ AND CITE THE FOLLOWING REFERENCE ++++
B. Hess, C. Kutzner, D. van der Spoel, E. Lindahl
GROMACS 4: Algorithms for highly efficient, load-balanced, and scalable
molecular simulation
J. Chem. Theory Comput. (2008)
https://doi.org/10.1021/ct700301q
-------- -------- --- Thank You --- -------- --------


++++ PLEASE READ AND CITE THE FOLLOWING REFERENCE ++++
D. van der Spoel, E. Lindahl, B. Hess, G. Groenhof, A. E. Mark, H. J. C.
Berendsen
GROMACS: Fast, Flexible and Free
J. Comp. Chem. (2005)
https://doi.org/10.1002/jcc.20291
-------- -------- --- Thank You --- -------- --------


++++ PLEASE READ AND CITE THE FOLLOWING REFERENCE ++++
E. Lindahl, B. Hess, D. van der Spoel
GROMACS 3.0: A package for molecular simulation and trajectory analysis
J. Mol. Mod. (2001)
https://doi.org/10.1007/s008940100045
-------- -------- --- Thank You --- -------- --------


++++ PLEASE READ AND CITE THE FOLLOWING REFERENCE ++++
H. J. C. Berendsen, D. van der Spoel and R. van Drunen
GROMACS: A message-passing parallel molecular dynamics implementation
Comp. Phys. Comm. (1995)
https://doi.org/10.1016/0010-4655(95)00042-E
-------- -------- --- Thank You --- -------- --------


++++ PLEASE CITE THE DOI FOR THIS VERSION OF GROMACS ++++
https://doi.org/10.5281/zenodo.18887033
-------- -------- --- Thank You --- -------- --------

Input Parameters:
   integrator                     = md
   tinit                          = 0
   dt                             = 0.03
   nsteps                         = 1000000
   init-step                      = 0
   simulation-part                = 1
   mts                            = false
   mass-repartition-factor        = 1
   comm-mode                      = Linear
   nstcomm                        = 100
   bd-fric                        = 0
   ld-seed                        = -5383315
   emtol                          = 10
   emstep                         = 0.01
   niter                          = 20
   fcstep                         = 0
   nstcgsteep                     = 1000
   nbfgscorr                      = 10
   rtpi                           = 0.05
   nstxout                        = 0
   nstvout                        = 0
   nstfout                        = 0
   nstlog                         = 10000
   nstcalcenergy                  = 100
   nstenergy                      = 100
   nstxout-compressed             = 1000
   compressed-x-precision         = 100
   cutoff-scheme                  = Verlet
   nstlist                        = 20
   pbc                            = xyz
   periodic-molecules             = false
   verlet-buffer-tolerance        = -1
   verlet-buffer-pressure-tolerance = -1
   rlist                          = 1.35
   coulombtype                    = Reaction-Field
   coulomb-modifier               = Potential-shift
   rcoulomb-switch                = 0
   rcoulomb                       = 1.1
   epsilon-r                      = 15
   epsilon-rf                     = inf
   vdw-type                       = Cut-off
   vdw-modifier                   = Potential-shift
   rvdw-switch                    = 0
   rvdw                           = 1.1
   DispCorr                       = No
   table-extension                = 1
   fourierspacing                 = 0.12
   fourier-nx                     = 0
   fourier-ny                     = 0
   fourier-nz                     = 0
   pme-order                      = 4
   ewald-rtol                     = 1e-05
   ewald-rtol-lj                  = 0.001
   lj-pme-comb-rule               = Geometric
   ewald-geometry                 = 3d
   epsilon-surface                = 0
   ensemble-temperature-setting   = constant
   ensemble-temperature           = 323
   tcoupl                         = V-rescale
   nsttcouple                     = 20
   nh-chain-length                = 0
   print-nose-hoover-chain-variables = false
   pcoupl                         = C-rescale
   pcoupltype                     = Semiisotropic
   nstpcouple                     = 20
   tau-p                          = 6
   compressibility (3x3):
      compressibility[    0]={ 3.00000e-04,  0.00000e+00,  0.00000e+00}
      compressibility[    1]={ 0.00000e+00,  3.00000e-04,  0.00000e+00}
      compressibility[    2]={ 0.00000e+00,  0.00000e+00,  3.00000e-04}
   ref-p (3x3):
      ref-p[    0]={ 1.00000e+00,  0.00000e+00,  0.00000e+00}
      ref-p[    1]={ 0.00000e+00,  1.00000e+00,  0.00000e+00}
      ref-p[    2]={ 0.00000e+00,  0.00000e+00,  1.00000e+00}
   refcoord-scaling               = No
   posres-com: not available
   posres-comB: not available
   QMMM                           = false
qm-opts:
   ngQM                           = 0
   constraint-algorithm           = Lincs
   continuation                   = false
   Shake-SOR                      = false
   shake-tol                      = 0.0001
   lincs-order                    = 4
   lincs-iter                     = 1
   lincs-warnangle                = 30
   nwall                          = 0
   wall-type                      = 9-3
   wall-r-linpot                  = -1
   wall-atomtype[0]               = -1
   wall-atomtype[1]               = -1
   wall-density[0]                = 0
   wall-density[1]                = 0
   wall-ewald-zfac                = 3
   pull                           = false
   awh                            = false
   rotation                       = false
   interactiveMD                  = false
   disre                          = No
   disre-weighting                = Conservative
   disre-mixed                    = false
   dr-fc                          = 1000
   dr-tau                         = 0
   nstdisreout                    = 100
   orire-fc                       = 0
   orire-tau                      = 0
   nstorireout                    = 100
   free-energy                    = no
   cos-acceleration               = 0
   deform (3x3):
      deform[    0]={ 0.00000e+00,  0.00000e+00,  0.00000e+00}
      deform[    1]={ 0.00000e+00,  0.00000e+00,  0.00000e+00}
      deform[    2]={ 0.00000e+00,  0.00000e+00,  0.00000e+00}
   simulated-tempering            = false
   swapcoords                     = no
   userint1                       = 0
   userint2                       = 0
   userint3                       = 0
   userint4                       = 0
   userreal1                      = 0
   userreal2                      = 0
   userreal3                      = 0
   userreal4                      = 0
   applied-forces:
     electric-field:
       x:
         E0                       = 0
         omega                    = 0
         t0                       = 0
         sigma                    = 0
       y:
         E0                       = 0
         omega                    = 0
         t0                       = 0
         sigma                    = 0
       z:
         E0                       = 0
         omega                    = 0
         t0                       = 0
         sigma                    = 0
     density-guided-simulation:
       active                     = false
       group                      = protein
       similarity-measure         = inner-product
       atom-spreading-weight      = unity
       force-constant             = 1e+09
       gaussian-transform-spreading-width = 0.2
       gaussian-transform-spreading-range-in-multiples-of-width = 4
       reference-density-filename = reference.mrc
       nst                        = 1
       normalize-densities        = true
       adaptive-force-scaling     = false
       adaptive-force-scaling-time-constant = 4
       shift-vector               = 
       transformation-matrix      = 
     qmmm-cp2k:
       active                     = false
       qmgroup                    = System
       qmmethod                   = PBE
       qmfilenames                = 
       qmcharge                   = 0
       qmmultiplicity             = 1
     colvars:
       active                     = false
       configfile                 = 
       seed                       = -1
     nnpot:
       active                     = false
       modelfile                  = model.pt
       input-group                = System
       link-type                  = H
       link-distance              = 0.1
       pair-cutoff                = 0
       embedding                  = mechanical
       nnp-charge                 = 0
       model-input1               = 
       model-input2               = 
       model-input3               = 
       model-input4               = 
       model-input5               = 
       model-input6               = 
       model-input7               = 
       model-input8               = 
       model-input9               = 
   fast-multipole-method:
     fmm:
       backend                    = inactive
       exafmm-order               = 6
       exafmm-direct-range        = 2
       exafmm-direct-provider     = GROMACS
       exafmm-tree-type           = uniform
       exafmm-tree-depth          = 0
       exafmm-max-particles-per-cell = 0
       fmsolvr-order              = 8
       fmsolvr-direct-range       = 1
       fmsolvr-direct-provider    = FMM
       fmsolvr-dipole-compensation = true
       fmsolvr-tree-depth         = 3
       fmsolvr-sparse             = false
grpopts:
   nrdf:        5373        2997
   ref-t:         323         323
   tau-t:           1           1
annealing:          No          No
annealing-npoints:           0           0
   acc:	           0           0           0
   nfreeze:           N           N           N
   energygrp-flags[  0]: 0 0
   energygrp-flags[  1]: 0 0

Can not increase nstlist because verlet-buffer-tolerance is not set or used
When checking whether update groups are usable:
  Domain decomposition is not active, so there is no need for update groups
  No constraints or virtual sites are in use, so it is best not to use update groups

Local state does not use filler particles

Using 1 MPI thread
Using 8 OpenMP threads 

System total charge: 0.000
Reaction-Field:
epsRF = 0, rc = 1.1, krf = 0.375657, crf = 1.36364, epsfac = 9.26236
The electrostatics potential has its minimum at r = 1.1
Potential shift: LJ r^-12: -3.186e-01 r^-6: -5.645e-01


Using SIMD4xM 4x4 nonbonded short-range kernels

Using a 4x4 pair-list setup:
  updated every 20 steps, buffer 0.250 nm, rlist 1.350 nm

The average pressure is off by at most 1.09 bar due to missing LJ interactions

Using full Lennard-Jones parameter combination matrix
Removing pbc first time

++++ PLEASE READ AND CITE THE FOLLOWING REFERENCE ++++
G. Bussi, D. Donadio, M. Parrinello
Canonical sampling through velocity rescaling
J. Chem. Phys. (2007)
https://doi.org/10.1063/1.2408420
-------- -------- --- Thank You --- -------- --------


++++ PLEASE READ AND CITE THE FOLLOWING REFERENCE ++++
M. Bernetti, G. Bussi
Pressure control using stochastic cell rescaling
J. Chem. Phys. (2020)
https://doi.org/10.1063/5.0020514
-------- -------- --- Thank You --- -------- --------

There are: 2792 Atoms
Center of mass motion removal mode is Linear
We have the following groups for center of mass motion removal:
  0:  DSPC
  1:  W
Initial temperature: 299.993 K

Started mdrun on rank 0 Thu Apr 30 13:46:15 2026

           Step           Time
              0        0.00000

   Energies (kJ/mol)
           Bond       G96Angle        LJ (SR)   Coulomb (SR)      Potential
    2.60500e+03    1.37740e+03   -5.49103e+04   -6.02995e+02   -5.15309e+04
    Kinetic En.   Total Energy  Conserved En.    Temperature Pressure (bar)
    1.07693e+04   -4.07616e+04   -4.06847e+04    3.09498e+02   -1.22887e+02

           Step           Time
          10000      300.00000

   Energies (kJ/mol)
           Bond       G96Angle        LJ (SR)   Coulomb (SR)      Potential
    2.59323e+03    1.39437e+03   -5.44584e+04   -5.39400e+02   -5.10102e+04
    Kinetic En.   Total Energy  Conserved En.    Temperature Pressure (bar)
    1.15949e+04   -3.94153e+04   -3.92278e+04    3.33225e+02    1.06329e+02

           Step           Time
          20000      600.00000

   Energies (kJ/mol)
           Bond       G96Angle        LJ (SR)   Coulomb (SR)      Potential
    2.78959e+03    1.38855e+03   -5.53184e+04   -4.68452e+02   -5.16088e+04
    Kinetic En.   Total Energy  Conserved En.    Temperature Pressure (bar)
    1.13999e+04   -4.02089e+04   -3.75278e+04    3.27620e+02    4.09701e+01

           Step           Time
          30000      900.00000

   Energies (kJ/mol)
           Bond       G96Angle        LJ (SR)   Coulomb (SR)      Potential
    2.92516e+03    1.45818e+03   -5.52746e+04   -4.94348e+02   -5.13856e+04
    Kinetic En.   Total Energy  Conserved En.    Temperature Pressure (bar)
    1.14324e+04   -3.99532e+04   -3.58952e+04    3.28556e+02    7.05151e+01

           Step           Time
          40000     1200.00000

   Energies (kJ/mol)
           Bond       G96Angle        LJ (SR)   Coulomb (SR)      Potential
    2.71892e+03    1.31986e+03   -5.50391e+04   -5.44100e+02   -5.15444e+04
    Kinetic En.   Total Energy  Conserved En.    Temperature Pressure (bar)
    1.11925e+04   -4.03519e+04   -3.44454e+04    3.21661e+02   -2.90949e+01

           Step           Time
          50000     1500.00000

   Energies (kJ/mol)
           Bond       G96Angle        LJ (SR)   Coulomb (SR)      Potential
    2.89377e+03    1.31391e+03   -5.50473e+04   -4.91001e+02   -5.13306e+04
    Kinetic En.   Total Energy  Conserved En.    Temperature Pressure (bar)
    1.12781e+04   -4.00525e+04   -3.28457e+04    3.24120e+02   -1.93817e+01

           Step           Time
          60000     1800.00000

   Energies (kJ/mol)
           Bond       G96Angle        LJ (SR)   Coulomb (SR)      Potential
    2.85803e+03    1.45409e+03   -5.52977e+04   -5.09074e+02   -5.14946e+04
    Kinetic En.   Total Energy  Conserved En.    Temperature Pressure (bar)
    1.10402e+04   -4.04544e+04   -3.11241e+04    3.17284e+02    6.29189e+01

           Step           Time
          70000     2100.00000

   Energies (kJ/mol)
           Bond       G96Angle        LJ (SR)   Coulomb (SR)      Potential
    2.75906e+03    1.39421e+03   -5.48440e+04   -4.94914e+02   -5.11856e+04
    Kinetic En.   Total Energy  Conserved En.    Temperature Pressure (bar)
    1.13680e+04   -3.98176e+04   -2.97135e+04    3.26704e+02   -2.93440e+01

           Step           Time
          80000     2400.00000

   Energies (kJ/mol)
           Bond       G96Angle        LJ (SR)   Coulomb (SR)      Potential
    2.76698e+03    1.38973e+03   -5.55728e+04   -5.64544e+02   -5.19806e+04
    Kinetic En.   Total Energy  Conserved En.    Temperature Pressure (bar)
    1.12934e+04   -4.06872e+04   -2.80926e+04    3.24560e+02   -9.47720e+01

           Step           Time
          90000     2700.00000

   Energies (kJ/mol)
           Bond       G96Angle        LJ (SR)   Coulomb (SR)      Potential
    2.85744e+03    1.35664e+03   -5.51158e+04   -5.27158e+02   -5.14288e+04
    Kinetic En.   Total Energy  Conserved En.    Temperature Pressure (bar)
    1.14331e+04   -3.99957e+04   -2.65668e+04    3.28575e+02   -5.06261e+01

           Step           Time
         100000     3000.00000

   Energies (kJ/mol)
           Bond       G96Angle        LJ (SR)   Coulomb (SR)      Potential
    2.61782e+03    1.31350e+03   -5.48367e+04   -5.56752e+02   -5.14621e+04
    Kinetic En.   Total Energy  Conserved En.    Temperature Pressure (bar)
    1.13512e+04   -4.01109e+04   -2.49588e+04    3.26223e+02   -8.06388e+01

           Step           Time
         110000     3300.00000

   Energies (kJ/mol)
           Bond       G96Angle        LJ (SR)   Coulomb (SR)      Potential
    2.70214e+03    1.27416e+03   -5.52548e+04   -5.06349e+02   -5.17848e+04
    Kinetic En.   Total Energy  Conserved En.    Temperature Pressure (bar)
    1.11089e+04   -4.06759e+04   -2.35054e+04    3.19258e+02   -1.15654e+01

           Step           Time
         120000     3600.00000

   Energies (kJ/mol)
           Bond       G96Angle        LJ (SR)   Coulomb (SR)      Potential
    2.81239e+03    1.37848e+03   -5.49010e+04   -5.09262e+02   -5.12194e+04
    Kinetic En.   Total Energy  Conserved En.    Temperature Pressure (bar)
    1.11035e+04   -4.01159e+04   -2.19688e+04    3.19101e+02   -1.02898e+02

           Step           Time
         130000     3900.00000

   Energies (kJ/mol)
           Bond       G96Angle        LJ (SR)   Coulomb (SR)      Potential
    2.79306e+03    1.37560e+03   -5.58799e+04   -4.93281e+02   -5.22045e+04
    Kinetic En.   Total Energy  Conserved En.    Temperature Pressure (bar)
    1.09874e+04   -4.12171e+04   -2.04456e+04    3.15767e+02   -2.14044e+01

           Step           Time
         140000     4200.00000

   Energies (kJ/mol)
           Bond       G96Angle        LJ (SR)   Coulomb (SR)      Potential
    2.87816e+03    1.53881e+03   -5.49297e+04   -5.30178e+02   -5.10429e+04
    Kinetic En.   Total Energy  Conserved En.    Temperature Pressure (bar)
    1.09964e+04   -4.00465e+04   -1.90752e+04    3.16025e+02    6.15093e+01

           Step           Time
         150000     4500.00000

   Energies (kJ/mol)
           Bond       G96Angle        LJ (SR)   Coulomb (SR)      Potential
    2.79470e+03    1.36488e+03   -5.52472e+04   -4.50637e+02   -5.15383e+04
    Kinetic En.   Total Energy  Conserved En.    Temperature Pressure (bar)
    1.12821e+04   -4.02561e+04   -1.76651e+04    3.24235e+02   -2.05832e+01

           Step           Time
         160000     4800.00000

   Energies (kJ/mol)
           Bond       G96Angle        LJ (SR)   Coulomb (SR)      Potential
    2.86968e+03    1.30792e+03   -5.48431e+04   -5.12207e+02   -5.11777e+04
    Kinetic En.   Total Energy  Conserved En.    Temperature Pressure (bar)
    1.11989e+04   -3.99788e+04   -1.60955e+04    3.21844e+02   -1.14227e+02

           Step           Time
         170000     5100.00000

   Energies (kJ/mol)
           Bond       G96Angle        LJ (SR)   Coulomb (SR)      Potential
    2.57771e+03    1.43087e+03   -5.48378e+04   -5.00919e+02   -5.13301e+04
    Kinetic En.   Total Energy  Conserved En.    Temperature Pressure (bar)
    1.08459e+04   -4.04842e+04   -1.42432e+04    3.11700e+02   -2.87591e+01

           Step           Time
         180000     5400.00000

   Energies (kJ/mol)
           Bond       G96Angle        LJ (SR)   Coulomb (SR)      Potential
    2.69096e+03    1.32053e+03   -5.47595e+04   -4.88460e+02   -5.12365e+04
    Kinetic En.   Total Energy  Conserved En.    Temperature Pressure (bar)
    1.12175e+04   -4.00190e+04   -1.26466e+04    3.22379e+02    1.14268e+01

           Step           Time
         190000     5700.00000

   Energies (kJ/mol)
           Bond       G96Angle        LJ (SR)   Coulomb (SR)      Potential
    2.88866e+03    1.45621e+03   -5.49031e+04   -4.91275e+02   -5.10495e+04
    Kinetic En.   Total Energy  Conserved En.    Temperature Pressure (bar)
    1.11012e+04   -3.99483e+04   -1.11354e+04    3.19037e+02   -7.45722e+01

           Step           Time
         200000     6000.00000

   Energies (kJ/mol)
           Bond       G96Angle        LJ (SR)   Coulomb (SR)      Potential
    2.67412e+03    1.31367e+03   -5.53172e+04   -5.25104e+02   -5.18545e+04
    Kinetic En.   Total Energy  Conserved En.    Temperature Pressure (bar)
    1.13833e+04   -4.04712e+04   -9.55058e+03    3.27143e+02    1.57660e+02

           Step           Time
         210000     6300.00000

   Energies (kJ/mol)
           Bond       G96Angle        LJ (SR)   Coulomb (SR)      Potential
    2.68631e+03    1.34817e+03   -5.52412e+04   -5.33892e+02   -5.17407e+04
    Kinetic En.   Total Energy  Conserved En.    Temperature Pressure (bar)
    1.12600e+04   -4.04806e+04   -7.95563e+03    3.23601e+02    7.62129e+01

           Step           Time
         220000     6600.00000

   Energies (kJ/mol)
           Bond       G96Angle        LJ (SR)   Coulomb (SR)      Potential
    2.82044e+03    1.30772e+03   -5.53828e+04   -4.89929e+02   -5.17446e+04
    Kinetic En.   Total Energy  Conserved En.    Temperature Pressure (bar)
    1.10526e+04   -4.06920e+04   -6.43316e+03    3.17639e+02   -4.06537e+01

           Step           Time
         230000     6900.00000

   Energies (kJ/mol)
           Bond       G96Angle        LJ (SR)   Coulomb (SR)      Potential
    2.75665e+03    1.41340e+03   -5.49734e+04   -5.10687e+02   -5.13140e+04
    Kinetic En.   Total Energy  Conserved En.    Temperature Pressure (bar)
    1.08751e+04   -4.04389e+04   -4.95615e+03    3.12539e+02   -4.93277e+01

           Step           Time
         240000     7200.00000

   Energies (kJ/mol)
           Bond       G96Angle        LJ (SR)   Coulomb (SR)      Potential
    2.89677e+03    1.38970e+03   -5.53913e+04   -5.50735e+02   -5.16555e+04
    Kinetic En.   Total Energy  Conserved En.    Temperature Pressure (bar)
    1.14340e+04   -4.02215e+04   -3.32312e+03    3.28601e+02    1.94044e+01

           Step           Time
         250000     7500.00000

   Energies (kJ/mol)
           Bond       G96Angle        LJ (SR)   Coulomb (SR)      Potential
    2.79345e+03    1.47997e+03   -5.51374e+04   -4.79053e+02   -5.13430e+04
    Kinetic En.   Total Energy  Conserved En.    Temperature Pressure (bar)
    1.11240e+04   -4.02190e+04   -1.70430e+03    3.19691e+02   -3.18143e+01

           Step           Time
         260000     7800.00000

   Energies (kJ/mol)
           Bond       G96Angle        LJ (SR)   Coulomb (SR)      Potential
    2.58269e+03    1.36679e+03   -5.51516e+04   -5.28002e+02   -5.17301e+04
    Kinetic En.   Total Energy  Conserved En.    Temperature Pressure (bar)
    1.09783e+04   -4.07518e+04   -1.40020e+02    3.15504e+02    4.15173e+01

           Step           Time
         270000     8100.00000

   Energies (kJ/mol)
           Bond       G96Angle        LJ (SR)   Coulomb (SR)      Potential
    2.80291e+03    1.23966e+03   -5.50827e+04   -5.10451e+02   -5.15506e+04
    Kinetic En.   Total Energy  Conserved En.    Temperature Pressure (bar)
    1.12864e+04   -4.02642e+04    1.49117e+03    3.24358e+02    5.11765e+01

           Step           Time
         280000     8400.00000

   Energies (kJ/mol)
           Bond       G96Angle        LJ (SR)   Coulomb (SR)      Potential
    2.82910e+03    1.42651e+03   -5.49266e+04   -5.35253e+02   -5.12063e+04
    Kinetic En.   Total Energy  Conserved En.    Temperature Pressure (bar)
    1.12286e+04   -3.99776e+04    3.01024e+03    3.22699e+02    1.11606e+02

           Step           Time
         290000     8700.00000

   Energies (kJ/mol)
           Bond       G96Angle        LJ (SR)   Coulomb (SR)      Potential
    2.75084e+03    1.31605e+03   -5.47428e+04   -5.95082e+02   -5.12710e+04
    Kinetic En.   Total Energy  Conserved En.    Temperature Pressure (bar)
    1.09943e+04   -4.02768e+04    4.55470e+03    3.15963e+02   -2.14013e+01

           Step           Time
         300000     9000.00000

   Energies (kJ/mol)
           Bond       G96Angle        LJ (SR)   Coulomb (SR)      Potential
    2.83333e+03    1.47540e+03   -5.50233e+04   -4.61803e+02   -5.11764e+04
    Kinetic En.   Total Energy  Conserved En.    Temperature Pressure (bar)
    1.15258e+04   -3.96506e+04    6.18335e+03    3.31239e+02   -7.91971e+01

           Step           Time
         310000     9300.00000

   Energies (kJ/mol)
           Bond       G96Angle        LJ (SR)   Coulomb (SR)      Potential
    2.71789e+03    1.39346e+03   -5.47880e+04   -5.74432e+02   -5.12511e+04
    Kinetic En.   Total Energy  Conserved En.    Temperature Pressure (bar)
    1.12099e+04   -4.00412e+04    7.50742e+03    3.22159e+02    5.09142e+01

           Step           Time
         320000     9600.00000

   Energies (kJ/mol)
           Bond       G96Angle        LJ (SR)   Coulomb (SR)      Potential
    2.85606e+03    1.25664e+03   -5.52635e+04   -4.78406e+02   -5.16292e+04
    Kinetic En.   Total Energy  Conserved En.    Temperature Pressure (bar)
    1.09722e+04   -4.06570e+04    9.20845e+03    3.15331e+02   -3.99322e+00

           Step           Time
         330000     9900.00000

   Energies (kJ/mol)
           Bond       G96Angle        LJ (SR)   Coulomb (SR)      Potential
    2.75897e+03    1.24036e+03   -5.54578e+04   -5.26779e+02   -5.19853e+04
    Kinetic En.   Total Energy  Conserved En.    Temperature Pressure (bar)
    1.11397e+04   -4.08455e+04    1.08960e+04    3.20144e+02   -4.88440e+01

           Step           Time
         340000    10200.00000

   Energies (kJ/mol)
           Bond       G96Angle        LJ (SR)   Coulomb (SR)      Potential
    2.57915e+03    1.36699e+03   -5.46856e+04   -5.70642e+02   -5.13101e+04
    Kinetic En.   Total Energy  Conserved En.    Temperature Pressure (bar)
    1.12312e+04   -4.00789e+04    1.23520e+04    3.22773e+02   -5.79703e+01

           Step           Time
         350000    10500.00000

   Energies (kJ/mol)
           Bond       G96Angle        LJ (SR)   Coulomb (SR)      Potential
    2.72207e+03    1.31250e+03   -5.48529e+04   -5.03398e+02   -5.13217e+04
    Kinetic En.   Total Energy  Conserved En.    Temperature Pressure (bar)
    1.12300e+04   -4.00917e+04    1.39267e+04    3.22737e+02   -9.16782e+01

           Step           Time
         360000    10800.00000

   Energies (kJ/mol)
           Bond       G96Angle        LJ (SR)   Coulomb (SR)      Potential
    2.73954e+03    1.19668e+03   -5.53122e+04   -5.73972e+02   -5.19499e+04
    Kinetic En.   Total Energy  Conserved En.    Temperature Pressure (bar)
    1.11555e+04   -4.07944e+04    1.54562e+04    3.20598e+02   -7.95065e+00

           Step           Time
         370000    11100.00000

   Energies (kJ/mol)
           Bond       G96Angle        LJ (SR)   Coulomb (SR)      Potential
    2.92175e+03    1.46066e+03   -5.50955e+04   -4.85024e+02   -5.11982e+04
    Kinetic En.   Total Energy  Conserved En.    Temperature Pressure (bar)
    1.15175e+04   -3.96807e+04    1.70144e+04    3.31000e+02   -6.76860e+01

           Step           Time
         380000    11400.00000

   Energies (kJ/mol)
           Bond       G96Angle        LJ (SR)   Coulomb (SR)      Potential
    2.69056e+03    1.37009e+03   -5.53412e+04   -5.03331e+02   -5.17839e+04
    Kinetic En.   Total Energy  Conserved En.    Temperature Pressure (bar)
    1.07001e+04   -4.10837e+04    1.85697e+04    3.07510e+02   -8.11550e+00

           Step           Time
         390000    11700.00000

   Energies (kJ/mol)
           Bond       G96Angle        LJ (SR)   Coulomb (SR)      Potential
    2.86255e+03    1.34944e+03   -5.47531e+04   -5.23388e+02   -5.10645e+04
    Kinetic En.   Total Energy  Conserved En.    Temperature Pressure (bar)
    1.11553e+04   -3.99091e+04    1.99691e+04    3.20592e+02    1.62202e+01

           Step           Time
         400000    12000.00000

   Energies (kJ/mol)
           Bond       G96Angle        LJ (SR)   Coulomb (SR)      Potential
    2.70766e+03    1.37511e+03   -5.56122e+04   -5.00972e+02   -5.20304e+04
    Kinetic En.   Total Energy  Conserved En.    Temperature Pressure (bar)
    1.10686e+04   -4.09618e+04    2.16680e+04    3.18100e+02    3.21813e+01

           Step           Time
         410000    12300.00000

   Energies (kJ/mol)
           Bond       G96Angle        LJ (SR)   Coulomb (SR)      Potential
    2.69522e+03    1.44560e+03   -5.47270e+04   -5.30783e+02   -5.11169e+04
    Kinetic En.   Total Energy  Conserved En.    Temperature Pressure (bar)
    1.15748e+04   -3.95422e+04    2.29614e+04    3.32646e+02    1.01135e+02

           Step           Time
         420000    12600.00000

   Energies (kJ/mol)
           Bond       G96Angle        LJ (SR)   Coulomb (SR)      Potential
    2.87766e+03    1.31325e+03   -5.49540e+04   -4.98612e+02   -5.12617e+04
    Kinetic En.   Total Energy  Conserved En.    Temperature Pressure (bar)
    1.15398e+04   -3.97219e+04    2.43791e+04    3.31640e+02    9.28205e+01

           Step           Time
         430000    12900.00000

   Energies (kJ/mol)
           Bond       G96Angle        LJ (SR)   Coulomb (SR)      Potential
    2.92386e+03    1.32721e+03   -5.55280e+04   -5.20416e+02   -5.17973e+04
    Kinetic En.   Total Energy  Conserved En.    Temperature Pressure (bar)
    1.09759e+04   -4.08214e+04    2.59326e+04    3.15435e+02   -1.91754e+01

           Step           Time
         440000    13200.00000

   Energies (kJ/mol)
           Bond       G96Angle        LJ (SR)   Coulomb (SR)      Potential
    2.91847e+03    1.53165e+03   -5.54412e+04   -5.59062e+02   -5.15501e+04
    Kinetic En.   Total Energy  Conserved En.    Temperature Pressure (bar)
    1.12994e+04   -4.02507e+04    2.72365e+04    3.24734e+02    1.32675e+02

           Step           Time
         450000    13500.00000

   Energies (kJ/mol)
           Bond       G96Angle        LJ (SR)   Coulomb (SR)      Potential
    2.49501e+03    1.37718e+03   -5.51941e+04   -5.22063e+02   -5.18440e+04
    Kinetic En.   Total Energy  Conserved En.    Temperature Pressure (bar)
    1.10844e+04   -4.07596e+04    2.86772e+04    3.18554e+02    2.22465e+01

           Step           Time
         460000    13800.00000

   Energies (kJ/mol)
           Bond       G96Angle        LJ (SR)   Coulomb (SR)      Potential
    2.64305e+03    1.31217e+03   -5.53982e+04   -5.57950e+02   -5.20009e+04
    Kinetic En.   Total Energy  Conserved En.    Temperature Pressure (bar)
    1.14349e+04   -4.05660e+04    3.00452e+04    3.28627e+02    2.12878e+00

           Step           Time
         470000    14100.00000

   Energies (kJ/mol)
           Bond       G96Angle        LJ (SR)   Coulomb (SR)      Potential
    2.85784e+03    1.30423e+03   -5.53923e+04   -5.35535e+02   -5.17657e+04
    Kinetic En.   Total Energy  Conserved En.    Temperature Pressure (bar)
    1.13086e+04   -4.04571e+04    3.15864e+04    3.24997e+02    6.06807e+01

           Step           Time
         480000    14400.00000

   Energies (kJ/mol)
           Bond       G96Angle        LJ (SR)   Coulomb (SR)      Potential
    2.77424e+03    1.31231e+03   -5.52514e+04   -5.08236e+02   -5.16731e+04
    Kinetic En.   Total Energy  Conserved En.    Temperature Pressure (bar)
    1.12149e+04   -4.04582e+04    3.30116e+04    3.22304e+02    5.10272e-01

           Step           Time
         490000    14700.00000

   Energies (kJ/mol)
           Bond       G96Angle        LJ (SR)   Coulomb (SR)      Potential
    2.82755e+03    1.31768e+03   -5.49884e+04   -5.89564e+02   -5.14327e+04
    Kinetic En.   Total Energy  Conserved En.    Temperature Pressure (bar)
    1.13882e+04   -4.00445e+04    3.44819e+04    3.27284e+02   -9.12198e+00

           Step           Time
         500000    15000.00000

   Energies (kJ/mol)
           Bond       G96Angle        LJ (SR)   Coulomb (SR)      Potential
    2.77159e+03    1.36642e+03   -5.50971e+04   -5.76634e+02   -5.15357e+04
    Kinetic En.   Total Energy  Conserved En.    Temperature Pressure (bar)
    1.14730e+04   -4.00628e+04    3.61512e+04    3.29720e+02    2.64165e+01

           Step           Time
         510000    15300.00000

   Energies (kJ/mol)
           Bond       G96Angle        LJ (SR)   Coulomb (SR)      Potential
    2.84777e+03    1.38267e+03   -5.50157e+04   -5.14841e+02   -5.13001e+04
    Kinetic En.   Total Energy  Conserved En.    Temperature Pressure (bar)
    1.10013e+04   -4.02988e+04    3.76618e+04    3.16165e+02    8.92333e+00

           Step           Time
         520000    15600.00000

   Energies (kJ/mol)
           Bond       G96Angle        LJ (SR)   Coulomb (SR)      Potential
    2.72742e+03    1.30391e+03   -5.48950e+04   -5.77964e+02   -5.14416e+04
    Kinetic En.   Total Energy  Conserved En.    Temperature Pressure (bar)
    1.17038e+04   -3.97378e+04    3.89223e+04    3.36356e+02   -1.43257e+01

           Step           Time
         530000    15900.00000

   Energies (kJ/mol)
           Bond       G96Angle        LJ (SR)   Coulomb (SR)      Potential
    2.63942e+03    1.36055e+03   -5.45359e+04   -5.11024e+02   -5.10469e+04
    Kinetic En.   Total Energy  Conserved En.    Temperature Pressure (bar)
    1.12516e+04   -3.97954e+04    4.03786e+04    3.23358e+02   -8.45824e+01

           Step           Time
         540000    16200.00000

   Energies (kJ/mol)
           Bond       G96Angle        LJ (SR)   Coulomb (SR)      Potential
    2.81687e+03    1.44353e+03   -5.50822e+04   -5.60020e+02   -5.13819e+04
    Kinetic En.   Total Energy  Conserved En.    Temperature Pressure (bar)
    1.12106e+04   -4.01712e+04    4.21037e+04    3.22181e+02    1.09230e+02

           Step           Time
         550000    16500.00000

   Energies (kJ/mol)
           Bond       G96Angle        LJ (SR)   Coulomb (SR)      Potential
    2.71700e+03    1.38413e+03   -5.55596e+04   -5.66232e+02   -5.20247e+04
    Kinetic En.   Total Energy  Conserved En.    Temperature Pressure (bar)
    1.13466e+04   -4.06781e+04    4.35919e+04    3.26089e+02    2.86500e+00

           Step           Time
         560000    16800.00000

   Energies (kJ/mol)
           Bond       G96Angle        LJ (SR)   Coulomb (SR)      Potential
    2.70443e+03    1.43767e+03   -5.57242e+04   -5.37071e+02   -5.21191e+04
    Kinetic En.   Total Energy  Conserved En.    Temperature Pressure (bar)
    1.13044e+04   -4.08147e+04    4.52388e+04    3.24876e+02    2.75118e+01

           Step           Time
         570000    17100.00000

   Energies (kJ/mol)
           Bond       G96Angle        LJ (SR)   Coulomb (SR)      Potential
    2.80545e+03    1.36085e+03   -5.51896e+04   -5.19955e+02   -5.15432e+04
    Kinetic En.   Total Energy  Conserved En.    Temperature Pressure (bar)
    1.15076e+04   -4.00356e+04    4.65871e+04    3.30717e+02    1.08569e+01

           Step           Time
         580000    17400.00000

   Energies (kJ/mol)
           Bond       G96Angle        LJ (SR)   Coulomb (SR)      Potential
    2.74052e+03    1.48709e+03   -5.51887e+04   -5.55011e+02   -5.15161e+04
    Kinetic En.   Total Energy  Conserved En.    Temperature Pressure (bar)
    1.14204e+04   -4.00957e+04    4.82710e+04    3.28210e+02    1.54720e+01

           Step           Time
         590000    17700.00000

   Energies (kJ/mol)
           Bond       G96Angle        LJ (SR)   Coulomb (SR)      Potential
    2.77549e+03    1.35437e+03   -5.48951e+04   -4.93149e+02   -5.12584e+04
    Kinetic En.   Total Energy  Conserved En.    Temperature Pressure (bar)
    1.10288e+04   -4.02296e+04    4.99158e+04    3.16955e+02    2.11177e+01

           Step           Time
         600000    18000.00000

   Energies (kJ/mol)
           Bond       G96Angle        LJ (SR)   Coulomb (SR)      Potential
    3.02803e+03    1.38652e+03   -5.51760e+04   -5.37989e+02   -5.12995e+04
    Kinetic En.   Total Energy  Conserved En.    Temperature Pressure (bar)
    1.11757e+04   -4.01238e+04    5.12948e+04    3.21178e+02    4.44403e+01

           Step           Time
         610000    18300.00000

   Energies (kJ/mol)
           Bond       G96Angle        LJ (SR)   Coulomb (SR)      Potential
    2.73141e+03    1.38631e+03   -5.48549e+04   -4.91153e+02   -5.12283e+04
    Kinetic En.   Total Energy  Conserved En.    Temperature Pressure (bar)
    1.09460e+04   -4.02822e+04    5.28121e+04    3.14578e+02   -1.03382e+02

           Step           Time
         620000    18600.00000

   Energies (kJ/mol)
           Bond       G96Angle        LJ (SR)   Coulomb (SR)      Potential
    2.92448e+03    1.42034e+03   -5.53067e+04   -5.32666e+02   -5.14946e+04
    Kinetic En.   Total Energy  Conserved En.    Temperature Pressure (bar)
    1.11533e+04   -4.03413e+04    5.43668e+04    3.20534e+02    1.07184e+02

           Step           Time
         630000    18900.00000

   Energies (kJ/mol)
           Bond       G96Angle        LJ (SR)   Coulomb (SR)      Potential
    2.73459e+03    1.37656e+03   -5.51820e+04   -4.94297e+02   -5.15651e+04
    Kinetic En.   Total Energy  Conserved En.    Temperature Pressure (bar)
    1.11962e+04   -4.03689e+04    5.58335e+04    3.21766e+02    3.64711e+01

           Step           Time
         640000    19200.00000

   Energies (kJ/mol)
           Bond       G96Angle        LJ (SR)   Coulomb (SR)      Potential
    2.66722e+03    1.35508e+03   -5.49425e+04   -5.32727e+02   -5.14529e+04
    Kinetic En.   Total Energy  Conserved En.    Temperature Pressure (bar)
    1.12443e+04   -4.02086e+04    5.73500e+04    3.23148e+02    2.16668e+01

           Step           Time
         650000    19500.00000

   Energies (kJ/mol)
           Bond       G96Angle        LJ (SR)   Coulomb (SR)      Potential
    2.79656e+03    1.51653e+03   -5.49630e+04   -4.93307e+02   -5.11432e+04
    Kinetic En.   Total Energy  Conserved En.    Temperature Pressure (bar)
    1.13347e+04   -3.98085e+04    5.89313e+04    3.25746e+02    6.19595e+00

           Step           Time
         660000    19800.00000

   Energies (kJ/mol)
           Bond       G96Angle        LJ (SR)   Coulomb (SR)      Potential
    2.66544e+03    1.37378e+03   -5.52361e+04   -5.65513e+02   -5.17624e+04
    Kinetic En.   Total Energy  Conserved En.    Temperature Pressure (bar)
    1.12241e+04   -4.05383e+04    6.04797e+04    3.22568e+02    2.43390e+01

           Step           Time
         670000    20100.00000

   Energies (kJ/mol)
           Bond       G96Angle        LJ (SR)   Coulomb (SR)      Potential
    2.86906e+03    1.42665e+03   -5.52692e+04   -4.97446e+02   -5.14710e+04
    Kinetic En.   Total Energy  Conserved En.    Temperature Pressure (bar)
    1.07607e+04   -4.07103e+04    6.22508e+04    3.09251e+02    1.47998e+02

           Step           Time
         680000    20400.00000

   Energies (kJ/mol)
           Bond       G96Angle        LJ (SR)   Coulomb (SR)      Potential
    2.95299e+03    1.43293e+03   -5.52833e+04   -4.72022e+02   -5.13694e+04
    Kinetic En.   Total Energy  Conserved En.    Temperature Pressure (bar)
    1.11842e+04   -4.01851e+04    6.39125e+04    3.21423e+02    4.97677e+01

           Step           Time
         690000    20700.00000

   Energies (kJ/mol)
           Bond       G96Angle        LJ (SR)   Coulomb (SR)      Potential
    2.73620e+03    1.27683e+03   -5.51152e+04   -5.93483e+02   -5.16957e+04
    Kinetic En.   Total Energy  Conserved En.    Temperature Pressure (bar)
    1.12706e+04   -4.04250e+04    6.53607e+04    3.23906e+02   -1.83759e+01

           Step           Time
         700000    21000.00000

   Energies (kJ/mol)
           Bond       G96Angle        LJ (SR)   Coulomb (SR)      Potential
    2.64023e+03    1.32722e+03   -5.53036e+04   -5.32860e+02   -5.18690e+04
    Kinetic En.   Total Energy  Conserved En.    Temperature Pressure (bar)
    1.12099e+04   -4.06591e+04    6.70223e+04    3.22162e+02   -1.60119e+01

           Step           Time
         710000    21300.00000

   Energies (kJ/mol)
           Bond       G96Angle        LJ (SR)   Coulomb (SR)      Potential
    2.86711e+03    1.37500e+03   -5.49613e+04   -5.06983e+02   -5.12261e+04
    Kinetic En.   Total Energy  Conserved En.    Temperature Pressure (bar)
    1.13845e+04   -3.98416e+04    6.85899e+04    3.27179e+02   -2.65598e+01

           Step           Time
         720000    21600.00000

   Energies (kJ/mol)
           Bond       G96Angle        LJ (SR)   Coulomb (SR)      Potential
    2.78476e+03    1.35314e+03   -5.51569e+04   -5.14481e+02   -5.15335e+04
    Kinetic En.   Total Energy  Conserved En.    Temperature Pressure (bar)
    1.12696e+04   -4.02639e+04    7.02696e+04    3.23877e+02    6.76169e+01

           Step           Time
         730000    21900.00000

   Energies (kJ/mol)
           Bond       G96Angle        LJ (SR)   Coulomb (SR)      Potential
    2.64700e+03    1.41843e+03   -5.44317e+04   -4.74371e+02   -5.08407e+04
    Kinetic En.   Total Energy  Conserved En.    Temperature Pressure (bar)
    1.11879e+04   -3.96528e+04    7.16296e+04    3.21527e+02   -8.06560e+01

           Step           Time
         740000    22200.00000

   Energies (kJ/mol)
           Bond       G96Angle        LJ (SR)   Coulomb (SR)      Potential
    2.73119e+03    1.35395e+03   -5.53804e+04   -4.49153e+02   -5.17444e+04
    Kinetic En.   Total Energy  Conserved En.    Temperature Pressure (bar)
    1.12192e+04   -4.05252e+04    7.34007e+04    3.22428e+02   -5.00828e+01

           Step           Time
         750000    22500.00000

   Energies (kJ/mol)
           Bond       G96Angle        LJ (SR)   Coulomb (SR)      Potential
    2.79239e+03    1.31924e+03   -5.48134e+04   -5.20933e+02   -5.12227e+04
    Kinetic En.   Total Energy  Conserved En.    Temperature Pressure (bar)
    1.14811e+04   -3.97416e+04    7.49798e+04    3.29954e+02    8.05147e+01

           Step           Time
         760000    22800.00000

   Energies (kJ/mol)
           Bond       G96Angle        LJ (SR)   Coulomb (SR)      Potential
    2.90378e+03    1.45492e+03   -5.56348e+04   -5.31201e+02   -5.18073e+04
    Kinetic En.   Total Energy  Conserved En.    Temperature Pressure (bar)
    1.11209e+04   -4.06864e+04    7.65605e+04    3.19603e+02    2.98575e+01

           Step           Time
         770000    23100.00000

   Energies (kJ/mol)
           Bond       G96Angle        LJ (SR)   Coulomb (SR)      Potential
    2.73596e+03    1.48634e+03   -5.42145e+04   -5.98948e+02   -5.05911e+04
    Kinetic En.   Total Energy  Conserved En.    Temperature Pressure (bar)
    1.11781e+04   -3.94130e+04    7.78759e+04    3.21247e+02   -1.16545e+02

           Step           Time
         780000    23400.00000

   Energies (kJ/mol)
           Bond       G96Angle        LJ (SR)   Coulomb (SR)      Potential
    2.57507e+03    1.30661e+03   -5.49284e+04   -5.58128e+02   -5.16048e+04
    Kinetic En.   Total Energy  Conserved En.    Temperature Pressure (bar)
    1.14599e+04   -4.01449e+04    7.95380e+04    3.29346e+02    3.50909e+01

           Step           Time
         790000    23700.00000

   Energies (kJ/mol)
           Bond       G96Angle        LJ (SR)   Coulomb (SR)      Potential
    2.88046e+03    1.37229e+03   -5.51348e+04   -5.17465e+02   -5.13996e+04
    Kinetic En.   Total Energy  Conserved En.    Temperature Pressure (bar)
    1.11545e+04   -4.02450e+04    8.10444e+04    3.20568e+02   -2.51690e+01

           Step           Time
         800000    24000.00000

   Energies (kJ/mol)
           Bond       G96Angle        LJ (SR)   Coulomb (SR)      Potential
    2.62016e+03    1.39666e+03   -5.50168e+04   -5.30626e+02   -5.15306e+04
    Kinetic En.   Total Energy  Conserved En.    Temperature Pressure (bar)
    1.10646e+04   -4.04660e+04    8.25843e+04    3.17984e+02   -5.84953e+01

           Step           Time
         810000    24300.00000

   Energies (kJ/mol)
           Bond       G96Angle        LJ (SR)   Coulomb (SR)      Potential
    2.78712e+03    1.30792e+03   -5.48861e+04   -5.04781e+02   -5.12959e+04
    Kinetic En.   Total Energy  Conserved En.    Temperature Pressure (bar)
    1.10582e+04   -4.02377e+04    8.40605e+04    3.17800e+02   -2.64491e+01

           Step           Time
         820000    24600.00000

   Energies (kJ/mol)
           Bond       G96Angle        LJ (SR)   Coulomb (SR)      Potential
    2.72429e+03    1.40207e+03   -5.52770e+04   -5.65222e+02   -5.17159e+04
    Kinetic En.   Total Energy  Conserved En.    Temperature Pressure (bar)
    1.11739e+04   -4.05420e+04    8.54814e+04    3.21125e+02   -1.65078e+01

           Step           Time
         830000    24900.00000

   Energies (kJ/mol)
           Bond       G96Angle        LJ (SR)   Coulomb (SR)      Potential
    2.77254e+03    1.31958e+03   -5.48919e+04   -5.07723e+02   -5.13075e+04
    Kinetic En.   Total Energy  Conserved En.    Temperature Pressure (bar)
    1.13239e+04   -3.99836e+04    8.70866e+04    3.25437e+02    2.43260e+00

           Step           Time
         840000    25200.00000

   Energies (kJ/mol)
           Bond       G96Angle        LJ (SR)   Coulomb (SR)      Potential
    2.74215e+03    1.25106e+03   -5.57680e+04   -5.15409e+02   -5.22902e+04
    Kinetic En.   Total Energy  Conserved En.    Temperature Pressure (bar)
    1.15361e+04   -4.07542e+04    8.86206e+04    3.31534e+02   -1.08971e+01

           Step           Time
         850000    25500.00000

   Energies (kJ/mol)
           Bond       G96Angle        LJ (SR)   Coulomb (SR)      Potential
    2.68694e+03    1.37475e+03   -5.48497e+04   -5.36927e+02   -5.13250e+04
    Kinetic En.   Total Energy  Conserved En.    Temperature Pressure (bar)
    1.11284e+04   -4.01966e+04    9.03885e+04    3.19817e+02    1.69776e+01

           Step           Time
         860000    25800.00000

   Energies (kJ/mol)
           Bond       G96Angle        LJ (SR)   Coulomb (SR)      Potential
    2.68616e+03    1.32754e+03   -5.51597e+04   -5.02526e+02   -5.16485e+04
    Kinetic En.   Total Energy  Conserved En.    Temperature Pressure (bar)
    1.12511e+04   -4.03974e+04    9.20023e+04    3.23345e+02   -8.92243e+00

           Step           Time
         870000    26100.00000

   Energies (kJ/mol)
           Bond       G96Angle        LJ (SR)   Coulomb (SR)      Potential
    2.81488e+03    1.40247e+03   -5.40838e+04   -5.78741e+02   -5.04452e+04
    Kinetic En.   Total Energy  Conserved En.    Temperature Pressure (bar)
    1.15172e+04   -3.89280e+04    9.34432e+04    3.30990e+02    4.15969e+01

           Step           Time
         880000    26400.00000

   Energies (kJ/mol)
           Bond       G96Angle        LJ (SR)   Coulomb (SR)      Potential
    2.96483e+03    1.35268e+03   -5.51060e+04   -5.10292e+02   -5.12988e+04
    Kinetic En.   Total Energy  Conserved En.    Temperature Pressure (bar)
    1.18836e+04   -3.94152e+04    9.49183e+04    3.41521e+02    7.98751e+01

           Step           Time
         890000    26700.00000

   Energies (kJ/mol)
           Bond       G96Angle        LJ (SR)   Coulomb (SR)      Potential
    2.78489e+03    1.47150e+03   -5.54514e+04   -4.64605e+02   -5.16596e+04
    Kinetic En.   Total Energy  Conserved En.    Temperature Pressure (bar)
    1.11874e+04   -4.04722e+04    9.62626e+04    3.21513e+02   -1.74328e+01

           Step           Time
         900000    27000.00000

   Energies (kJ/mol)
           Bond       G96Angle        LJ (SR)   Coulomb (SR)      Potential
    2.85690e+03    1.31000e+03   -5.46939e+04   -5.46780e+02   -5.10738e+04
    Kinetic En.   Total Energy  Conserved En.    Temperature Pressure (bar)
    1.11784e+04   -3.98955e+04    9.77964e+04    3.21254e+02   -8.90800e+01

           Step           Time
         910000    27300.00000

   Energies (kJ/mol)
           Bond       G96Angle        LJ (SR)   Coulomb (SR)      Potential
    2.76080e+03    1.45877e+03   -5.47992e+04   -4.87915e+02   -5.10676e+04
    Kinetic En.   Total Energy  Conserved En.    Temperature Pressure (bar)
    1.12319e+04   -3.98357e+04    9.94255e+04    3.22791e+02   -1.24364e+01

           Step           Time
         920000    27600.00000

   Energies (kJ/mol)
           Bond       G96Angle        LJ (SR)   Coulomb (SR)      Potential
    2.75241e+03    1.39692e+03   -5.50433e+04   -4.91202e+02   -5.13852e+04
    Kinetic En.   Total Energy  Conserved En.    Temperature Pressure (bar)
    1.12126e+04   -4.01726e+04    1.00958e+05    3.22237e+02    3.12286e+01

           Step           Time
         930000    27900.00000

   Energies (kJ/mol)
           Bond       G96Angle        LJ (SR)   Coulomb (SR)      Potential
    2.78154e+03    1.39359e+03   -5.52419e+04   -5.03457e+02   -5.15702e+04
    Kinetic En.   Total Energy  Conserved En.    Temperature Pressure (bar)
    1.13256e+04   -4.02447e+04    1.02514e+05    3.25485e+02   -5.79043e+01

           Step           Time
         940000    28200.00000

   Energies (kJ/mol)
           Bond       G96Angle        LJ (SR)   Coulomb (SR)      Potential
    2.76093e+03    1.38597e+03   -5.50753e+04   -4.56025e+02   -5.13844e+04
    Kinetic En.   Total Energy  Conserved En.    Temperature Pressure (bar)
    1.14697e+04   -3.99147e+04    1.03994e+05    3.29626e+02    9.30348e+01

           Step           Time
         950000    28500.00000

   Energies (kJ/mol)
           Bond       G96Angle        LJ (SR)   Coulomb (SR)      Potential
    2.67175e+03    1.34625e+03   -5.47005e+04   -5.23158e+02   -5.12056e+04
    Kinetic En.   Total Energy  Conserved En.    Temperature Pressure (bar)
    1.09614e+04   -4.02442e+04    1.05575e+05    3.15019e+02   -8.66013e+01

           Step           Time
         960000    28800.00000

   Energies (kJ/mol)
           Bond       G96Angle        LJ (SR)   Coulomb (SR)      Potential
    2.83817e+03    1.32242e+03   -5.48544e+04   -5.29346e+02   -5.12232e+04
    Kinetic En.   Total Energy  Conserved En.    Temperature Pressure (bar)
    1.15596e+04   -3.96636e+04    1.07310e+05    3.32210e+02    1.11677e+02

           Step           Time
         970000    29100.00000

   Energies (kJ/mol)
           Bond       G96Angle        LJ (SR)   Coulomb (SR)      Potential
    2.69920e+03    1.30596e+03   -5.47200e+04   -5.23271e+02   -5.12381e+04
    Kinetic En.   Total Energy  Conserved En.    Temperature Pressure (bar)
    1.12959e+04   -3.99423e+04    1.08797e+05    3.24631e+02   -7.09729e+01

           Step           Time
         980000    29400.00000

   Energies (kJ/mol)
           Bond       G96Angle        LJ (SR)   Coulomb (SR)      Potential
    2.66483e+03    1.36909e+03   -5.50147e+04   -5.31293e+02   -5.15121e+04
    Kinetic En.   Total Energy  Conserved En.    Temperature Pressure (bar)
    1.13434e+04   -4.01687e+04    1.10462e+05    3.25996e+02   -3.48811e+01

           Step           Time
         990000    29700.00000

   Energies (kJ/mol)
           Bond       G96Angle        LJ (SR)   Coulomb (SR)      Potential
    2.65381e+03    1.45670e+03   -5.55425e+04   -5.12770e+02   -5.19448e+04
    Kinetic En.   Total Energy  Conserved En.    Temperature Pressure (bar)
    1.10722e+04   -4.08726e+04    1.11956e+05    3.18202e+02   -5.23622e+01

           Step           Time
        1000000    30000.00000

Writing checkpoint, step 1000000 at Thu Apr 30 13:51:56 2026


   Energies (kJ/mol)
           Bond       G96Angle        LJ (SR)   Coulomb (SR)      Potential
    2.73175e+03    1.41642e+03   -5.48425e+04   -5.16566e+02   -5.12109e+04
    Kinetic En.   Total Energy  Conserved En.    Temperature Pressure (bar)
    1.11526e+04   -4.00583e+04    1.13533e+05    3.20514e+02    2.24412e+01


Energy conservation over simulation part #1 of length 30000 ps, time 0 to 30000 ps
  Conserved energy drift: 1.84e-03 kJ/mol/ps per atom


	<======  ###############  ==>
	<====  A V E R A G E S  ====>
	<==  ###############  ======>

	Statistics over 1000001 steps using 10001 frames

   Energies (kJ/mol)
           Bond       G96Angle        LJ (SR)   Coulomb (SR)      Potential
    2.77227e+03    1.37889e+03   -5.50874e+04   -5.20108e+02   -5.14563e+04
    Kinetic En.   Total Energy  Conserved En.    Temperature Pressure (bar)
    1.12388e+04   -4.02175e+04    3.64116e+04    3.22990e+02    5.16195e-01

          Box-X          Box-Y          Box-Z
    7.48310e+00    7.48310e+00    5.61431e+00

   Total Virial (kJ/mol)
    3.76913e+03   -6.57294e+00    2.89754e+00
   -6.57294e+00    3.72997e+03   -9.98785e+00
    2.89750e+00   -9.98780e+00    3.73094e+03

   Pressure (bar)
   -2.26522e+00    7.90680e-01   -3.16696e-01
    7.90681e-01    2.00526e+00    1.09299e+00
   -3.16692e-01    1.09298e+00    1.80854e+00

  Epot (kJ/mol)        Coul-SR          LJ-SR   
      DSPC-DSPC   -5.20108e+02   -2.49230e+04
         DSPC-W    0.00000e+00   -1.06051e+04
            W-W    0.00000e+00   -1.95593e+04

         T-DSPC            T-W
    3.22863e+02    3.23219e+02


	M E G A - F L O P S   A C C O U N T I N G

 NB=Group-cutoff nonbonded kernels    NxN=N-by-N cluster Verlet kernels
 RF=Reaction-Field  VdW=Van der Waals  QSTab=quadratic-spline table
 W3=SPC/TIP3p  W4=TIP4p (single or pairs)
 V&F=Potential and force  V=Potential only  F=Force only

 Computing:                               M-Number         M-Flops  % Flops
-----------------------------------------------------------------------------
 Pair Search distance check           19723.190628      177508.716     1.4
 NxN RF Elec. + LJ [F]                85997.588928     3267908.379    25.6
 NxN RF Elec. + LJ [V&F]                868.615840       46905.255     0.4
 NxN LJ [F]                          265939.033920     8775988.119    68.8
 NxN LJ [V&F]                          2686.854432      115534.741     0.9
 NxN RF Electrostatics [F]             1311.079392       40643.461     0.3
 NxN RF Electrostatics [V&F]             13.230320         476.292     0.0
 Shift-X                                139.602792         837.617     0.0
 Bonds                                 1664.001664       98176.098     0.8
 Angles                                1280.001280      215040.215     1.7
 Virial                                 141.852837        2553.351     0.0
 Stop-CM                                 27.925584         279.256     0.0
 P-Coupling                             139.602792         837.617     0.0
 Calc-Ekin                              279.205584        7538.551     0.1
-----------------------------------------------------------------------------
 Total                                                12750227.667   100.0
-----------------------------------------------------------------------------


      R E A L   C Y C L E   A N D   T I M E   A C C O U N T I N G

On 1 MPI rank, each using 8 OpenMP threads

 Activity:              Num   Num      Call    Wall time         Giga-Cycles
                        Ranks Threads  Count      (s)         total sum    %
--------------------------------------------------------------------------------
 Neighbor search           1    8      50001      24.318          4.669   7.1
 Force                     1    8    1000001     197.674         37.954  57.9
 NB X/F buffer ops.        1    8    1950001      67.156         12.894  19.7
 Write traj.               1    8       1001       0.119          0.023   0.0
 Update                    1    8    1000001      43.634          8.378  12.8
 Kinetic energy            1    8     100001       2.529          0.486   0.7
 Rest                                              5.852          1.124   1.7
--------------------------------------------------------------------------------
 Total                                           341.281         65.526 100.0
--------------------------------------------------------------------------------

               Core t (s)   Wall t (s)        (%)
       Time:     2730.248      341.281      800.0
                 (ns/day)    (hour/ns)    (ms/step)  (Matom*steps/s) 
Performance:     7594.921        0.003        0.341            8.181 
Finished mdrun on rank 0 Thu Apr 30 13:51:56 2026

